[DATA_POINT]
1="tcp_connect"
2="tcp_connection_count"
3="mic_recv"
4="HTTP_200"
5="ssl_session_new"
6="HTTP_404"
7="tcp_shutdown"
8="lr_streaming_number_of_buffering_video"
10="lr_streaming_buffering_open_time"
9="lr_streaming_download_speed"
11="RETRY_KEEP_ALIVE"
[END_TRANSACTION]
1="vuser_init_Transaction"
2="http://nimbusserver.aos.com:8000/"
3="http://nimbusserver.aos.com:8000/services.properties"
4="http://nimbusserver.aos.com:8000/css/images/Down_arrow.svg"
5="http://nimbusserver.aos.com:8000/css/fonts/roboto_medium_macroman/Roboto-Medium-webfont.woff"
6="http://nimbusserver.aos.com:8000/css/images/logo.png"
7="http://nimbusserver.aos.com:8000/css/main.min.css"
8="http://nimbusserver.aos.com:8000/css/images/closeDark.png"
9="http://nimbusserver.aos.com:8000/css/fonts/roboto_light_macroman/Roboto-Light-webfont.woff"
100="http://www.google-analytics.com/collect?v=1&_v=j72&a=1490997117&t=pageview&_s=21&dl=http%3A%2F%2Fnimbusserver.aos.com%2F&dp=%2Fcategory%2FLaptop%2F1&ul=en-us&de=UTF-8&dt=%C2%A0Advantage%20Shopping&sd=24-bit&sr=1676x866&vp=1111x526&je=0&_u=KEBAAEAB~&jid=&gjid=&cid=1800259915.1547498926&tid=UA-81334227-1&_gid=225846391.1547498926&z=353078723"
101="http://www.google-analytics.com/collect?v=1&_v=j72&a=1490997117&t=pageview&_s=22&dl=http%3A%2F%2Fnimbusserver.aos.com%2F&dp=%2F&ul=en-us&de=UTF-8&dt=%C2%A0Advantage%20Shopping&sd=24-bit&sr=1676x866&vp=1111x526&je=0&_u=KEBAAEAB~&jid=&gjid=&cid=1800259915.1547498926&tid=UA-81334227-1&_gid=225846391.1547498926&z=1122523835"
102="http://www.google-analytics.com/collect?v=1&_v=j72&a=1490997117&t=pageview&_s=23&dl=http%3A%2F%2Fnimbusserver.aos.com%2F&dp=%2FshoppingCart&ul=en-us&de=UTF-8&dt=%C2%A0Advantage%20Shopping&sd=24-bit&sr=1676x866&vp=1111x526&je=0&_u=KEBAAEAB~&jid=&gjid=&cid=1800259915.1547498926&tid=UA-81334227-1&_gid=225846391.1547498926&z=1001479239"
103="http://www.google-analytics.com/r/collect?v=1&_v=j72&a=1490997117&t=pageview&_s=24&dl=http%3A%2F%2Fnimbusserver.aos.com%2F&dp=%2F&ul=en-us&de=UTF-8&dt=%C2%A0Advantage%20Shopping&sd=24-bit&sr=1676x866&vp=1111x526&je=0&_u=KEBAAEAB~&jid=1276019728&gjid=1575228278&cid=1800259915.1547498926&tid=UA-81334227-1&_gid=225846391.1547498926&_r=1&z=663823616"
104="nimbusserver.aos.com_8000_Action_9"
105="https://clientservices.googleapis.com/chrome-variations/seed?osname=win&channel=stable&milestone=68"
106="seed_Action_122"
107="http://nimbusserver:8000/catalog/api/v1/DemoAppConfig/parameters/by_tool/ALL"
108="ALL_Action_133"
109="ALL_2_Action_142"
110="https://accounts.google.com/ListAccounts?gpsia=1&source=durations_metrics,counter:0,load_time_ms:320&json=standard"
111="ListAccounts_Action_158"
112="http://nimbusserver:8001/accountservice/GetAccountConfigurationRequest"
113="GetAccountConfigurationR_Action_178"
114="GetAccountConfigurationR_Action_187"
115="GetAccountConfigurationR_Action_203"
116="GetAccountConfigurationR_Action_215"
117="http://nimbusserver:8000/catalog/api/v1/categories"
118="categories_Action_229"
119="http://nimbusserver:8000/catalog/api/v1/deals/search?dealOfTheDay=true"
120="search_Action_238"
121="http://nimbusserver:8000/catalog/api/v1/categories/all_data"
122="all_data_Action_247"
123="http://nimbusserver.aos.com:8000/app/tempFiles/popularProducts.json"
124="popularProducts.json_Action_264"
125="http://nimbusserver.aos.com:8000/app/views/home-page.html"
126="http://nimbusserver.aos.com:8000/app/views/css/images/Special-offer.jpg"
127="http://nimbusserver.aos.com:8000/app/views/"
128="http://nimbusserver.aos.com:8000/css/images/chat_logo.png"
129="home-page.html_Action_273"
130="1:DOWNLOAD"
131="http://nimbusserver:8000/catalog/api/v1/categories/attributes"
132="attributes_Action_287"
133="http://nimbusserver.aos.com:8000/app/views/category-page.html"
134="category-page.html_Action_296"
135="http://nimbusserver.aos.com:8000/app/views/product-page.html"
136="http://nimbusserver.aos.com:8000/css/images/review_Left_disabled.png"
137="http://nimbusserver.aos.com:8000/css/images/review_right.png"
138="http://nimbusserver.aos.com:8000/css/images/reviewUser.png"
139="product-page.html_Action_305"
140="http://nimbusserver.aos.com:8000/css/videos/13543361_299823923688824_1410005144_n.mp4"
141="1:BUFFERING"
142="web_stream_open_Action_325"
143="http://nimbusserver:8000/catalog/api/v1/MostPopularComments"
144="MostPopularComments_Action_332"
145="http://nimbusserver.aos.com:8000/app/views/shoppingCart.html"
146="http://nimbusserver.aos.com:8000/css/images/Master_credit.png"
147="http://nimbusserver.aos.com:8000/css/images/SafePay.png"
148="shoppingCart.html_Action_343"
149="Action_Transaction"
150="vuser_end_Transaction"
10="http://nimbusserver.aos.com:8000/vendor/requirejs/require.js"
11="http://nimbusserver.aos.com:8000/css/fonts/roboto_bold_macroman/Roboto-Bold-webfont.woff"
12="http://nimbusserver.aos.com:8000/css/images/arrow_right.png"
13="http://nimbusserver.aos.com:8000/css/fonts/roboto_thin_macroman/Roboto-Thin-webfont.woff"
14="http://nimbusserver.aos.com:8000/css/fonts/roboto_regular_macroman/Roboto-Regular-webfont.woff"
15="http://nimbusserver.aos.com:8000/catalog/fetchImage?image_id=1235"
16="http://nimbusserver.aos.com:8000/catalog/fetchImage?image_id=1236"
17="http://nimbusserver.aos.com:8000/catalog/fetchImage?image_id=1238"
18="http://nimbusserver.aos.com:8000/catalog/fetchImage?image_id=1234"
19="http://nimbusserver.aos.com:8000/css/images/facebook.png"
20="http://nimbusserver.aos.com:8000/css/images/GoUp.png"
21="http://nimbusserver.aos.com:8000/css/images/twitter.png"
22="http://nimbusserver.aos.com:8000/css/images/Special-offer.jpg"
23="http://nimbusserver.aos.com:8000/css/images/linkedin.png"
24="http://nimbusserver.aos.com:8000/main.min.js"
25="http://nimbusserver.aos.com:8000/catalog/fetchImage?image_id=1237"
26="http://nimbusserver.aos.com:8000/css/images/Popular-item1.jpg"
27="http://nimbusserver.aos.com:8000/css/images/Popular-item3.jpg"
28="http://nimbusserver.aos.com:8000/css/images/Banner3.jpg"
29="http://nimbusserver.aos.com:8000/css/images/Banner2.jpg"
30="http://nimbusserver.aos.com:8000/css/images/Banner1.jpg"
31="http://nimbusserver.aos.com:8000/css/images/Popular-item2.jpg"
32="http://nimbusserver.aos.com:8000/css/images/category_banner_4.png"
33="http://nimbusserver.aos.com:8000/css/images/Filter.png"
34="http://nimbusserver.aos.com:8000/catalog/fetchImage?image_id=4200"
35="http://nimbusserver.aos.com:8000/catalog/fetchImage?image_id=4100"
36="http://nimbusserver.aos.com:8000/catalog/fetchImage?image_id=4600"
37="http://nimbusserver.aos.com:8000/catalog/fetchImage?image_id=4700"
38="http://nimbusserver.aos.com:8000/catalog/fetchImage?image_id=4300"
39="http://nimbusserver.aos.com:8000/catalog/fetchImage?image_id=4400"
40="http://nimbusserver.aos.com:8000/catalog/fetchImage?image_id=4500"
41="http://nimbusserver.aos.com:8000/catalog/fetchImage?image_id=3100"
42="http://nimbusserver.aos.com:8000/catalog/fetchImage?image_id=3200"
43="http://nimbusserver.aos.com:8000/catalog/fetchImage?image_id=3300"
44="http://nimbusserver.aos.com:8000/catalog/fetchImage?image_id=3102"
45="http://nimbusserver.aos.com:8000/css/images/category_banner_3.png"
46="http://nimbusserver.aos.com:8000/catalog/fetchImage?image_id=3103"
47="http://nimbusserver.aos.com:8000/catalog/fetchImage?image_id=3101"
48="http://nimbusserver.aos.com:8000/catalog/fetchImage?image_id=2300"
49="http://nimbusserver.aos.com:8000/css/images/category_banner_2.png"
50="http://nimbusserver.aos.com:8000/catalog/fetchImage?image_id=2100"
51="http://nimbusserver.aos.com:8000/catalog/fetchImage?image_id=2400"
52="http://nimbusserver.aos.com:8000/catalog/fetchImage?image_id=5300"
53="http://nimbusserver.aos.com:8000/catalog/fetchImage?image_id=2201"
54="http://nimbusserver.aos.com:8000/catalog/fetchImage?image_id=5400"
55="http://nimbusserver.aos.com:8000/catalog/fetchImage?image_id=2200"
56="http://nimbusserver.aos.com:8000/css/images/category_banner_5.png"
57="http://nimbusserver.aos.com:8000/catalog/fetchImage?image_id=5200"
58="http://nimbusserver.aos.com:8000/catalog/fetchImage?image_id=5505"
59="http://nimbusserver.aos.com:8000/catalog/fetchImage?image_id=5900"
60="http://nimbusserver.aos.com:8000/catalog/fetchImage?image_id=5800"
61="http://nimbusserver.aos.com:8000/catalog/fetchImage?image_id=5700"
62="http://nimbusserver.aos.com:8000/catalog/fetchImage?image_id=5100"
63="http://nimbusserver.aos.com:8000/catalog/fetchImage?image_id=5600"
64="http://nimbusserver.aos.com:8000/css/images/category_banner_1.png"
65="http://nimbusserver.aos.com:8000/catalog/fetchImage?image_id=1249"
66="http://nimbusserver.aos.com:8000/catalog/fetchImage?image_id=1700"
67="http://nimbusserver.aos.com:8000/catalog/fetchImage?image_id=1250"
68="http://nimbusserver.aos.com:8000/catalog/fetchImage?image_id=1600"
69="http://nimbusserver.aos.com:8000/catalog/fetchImage?image_id=1100"
70="http://nimbusserver.aos.com:8000/catalog/fetchImage?image_id=1200"
71="http://nimbusserver.aos.com:8000/css/images/FacebookLogo.png"
72="http://nimbusserver.aos.com:8000/catalog/fetchImage?image_id=1300"
73="http://nimbusserver.aos.com:8000/catalog/fetchImage?image_id=11100"
74="http://nimbusserver.aos.com:8000/catalog/fetchImage?image_id=1245"
75="http://nimbusserver.aos.com:8000/catalog/fetchImage?image_id=1400"
76="https://ssl.gstatic.com/safebrowsing/csd/client_model_v5_ext_variation_0.pb"
77="http://www.google-analytics.com/r/collect?v=1&_v=j72&a=1490997117&t=pageview&_s=1&dl=http%3A%2F%2Fnimbusserver.aos.com%2F&ul=en-us&de=UTF-8&dt=%C2%A0Advantage%20Shopping&sd=24-bit&sr=1676x866&vp=1111x526&je=0&_u=IEBAAEAB~&jid=259693439&gjid=621444900&cid=1800259915.1547498926&tid=UA-81334227-1&_gid=225846391.1547498926&_r=1&z=276360492"
78="http://www.google-analytics.com/collect?v=1&_v=j72&a=1490997117&t=pageview&_s=2&dl=http%3A%2F%2Fnimbusserver.aos.com%2F&dp=%2F&ul=en-us&de=UTF-8&dt=%C2%A0Advantage%20Shopping&sd=24-bit&sr=1676x866&vp=1111x526&je=0&_u=KEBAAEAB~&jid=&gjid=&cid=1800259915.1547498926&tid=UA-81334227-1&_gid=225846391.1547498926&z=1336317741"
79="http://www.google-analytics.com/collect?v=1&_v=j72&a=1490997117&t=pageview&_s=3&dl=http%3A%2F%2Fnimbusserver.aos.com%2F&dp=%2Fcategory%2FSpeakers%2F4&ul=en-us&de=UTF-8&dt=%C2%A0Advantage%20Shopping&sd=24-bit&sr=1676x866&vp=1111x526&je=0&_u=KEBAAEAB~&jid=&gjid=&cid=1800259915.1547498926&tid=UA-81334227-1&_gid=225846391.1547498926&z=347314596"
80="http://www.google-analytics.com/collect?v=1&_v=j72&a=1490997117&t=pageview&_s=4&dl=http%3A%2F%2Fnimbusserver.aos.com%2F&dp=%2Fproduct%2F20&ul=en-us&de=UTF-8&dt=%C2%A0Advantage%20Shopping&sd=24-bit&sr=1676x866&vp=1111x526&je=0&_u=KEBAAEAB~&jid=&gjid=&cid=1800259915.1547498926&tid=UA-81334227-1&_gid=225846391.1547498926&z=1156862858"
81="http://www.google-analytics.com/collect?v=1&_v=j72&a=1490997117&t=pageview&_s=5&dl=http%3A%2F%2Fnimbusserver.aos.com%2F&dp=%2Fcategory%2FSpeaker%2F4&ul=en-us&de=UTF-8&dt=%C2%A0Advantage%20Shopping&sd=24-bit&sr=1676x866&vp=1111x526&je=0&_u=KEBAAEAB~&jid=&gjid=&cid=1800259915.1547498926&tid=UA-81334227-1&_gid=225846391.1547498926&z=2005874632"
82="https://ssl.gstatic.com/safebrowsing/csd/client_model_v5_variation_0.pb"
83="http://www.google-analytics.com/analytics.js"
84="http://www.google-analytics.com/collect?v=1&_v=j72&a=1490997117&t=pageview&_s=11&dl=http%3A%2F%2Fnimbusserver.aos.com%2F&dp=%2Fcategory%2FHeadphones%2F2&ul=en-us&de=UTF-8&dt=%C2%A0Advantage%20Shopping&sd=24-bit&sr=1676x866&vp=1111x526&je=0&_u=KEBAAEAB~&jid=&gjid=&cid=1800259915.1547498926&tid=UA-81334227-1&_gid=225846391.1547498926&z=142266463"
85="http://www.google-analytics.com/collect?v=1&_v=j72&a=1490997117&t=pageview&_s=12&dl=http%3A%2F%2Fnimbusserver.aos.com%2F&dp=%2Fproduct%2F15&ul=en-us&de=UTF-8&dt=%C2%A0Advantage%20Shopping&sd=24-bit&sr=1676x866&vp=1111x526&je=0&_u=KEBAAEAB~&jid=&gjid=&cid=1800259915.1547498926&tid=UA-81334227-1&_gid=225846391.1547498926&z=406373490"
86="http://nimbusserver.aos.com:8000/catalog/fetchImage?image_id=1800"
87="http://www.google-analytics.com/collect?v=1&_v=j72&a=1490997117&t=pageview&_s=7&dl=http%3A%2F%2Fnimbusserver.aos.com%2F&dp=%2Fcategory%2FTablets%2F3&ul=en-us&de=UTF-8&dt=%C2%A0Advantage%20Shopping&sd=24-bit&sr=1676x866&vp=1111x526&je=0&_u=KEBAAEAB~&jid=&gjid=&cid=1800259915.1547498926&tid=UA-81334227-1&_gid=225846391.1547498926&z=1643116590"
88="http://www.google-analytics.com/collect?v=1&_v=j72&a=1490997117&t=pageview&_s=6&dl=http%3A%2F%2Fnimbusserver.aos.com%2F&dp=%2F&ul=en-us&de=UTF-8&dt=%C2%A0Advantage%20Shopping&sd=24-bit&sr=1676x866&vp=1111x526&je=0&_u=KEBAAEAB~&jid=&gjid=&cid=1800259915.1547498926&tid=UA-81334227-1&_gid=225846391.1547498926&z=321497195"
89="http://www.google-analytics.com/collect?v=1&_v=j72&a=1490997117&t=pageview&_s=13&dl=http%3A%2F%2Fnimbusserver.aos.com%2F&dp=%2Fcategory%2FHeadphone%2F2&ul=en-us&de=UTF-8&dt=%C2%A0Advantage%20Shopping&sd=24-bit&sr=1676x866&vp=1111x526&je=0&_u=KEBAAEAB~&jid=&gjid=&cid=1800259915.1547498926&tid=UA-81334227-1&_gid=225846391.1547498926&z=1356762777"
90="http://www.google-analytics.com/collect?v=1&_v=j72&a=1490997117&t=pageview&_s=8&dl=http%3A%2F%2Fnimbusserver.aos.com%2F&dp=%2Fproduct%2F16&ul=en-us&de=UTF-8&dt=%C2%A0Advantage%20Shopping&sd=24-bit&sr=1676x866&vp=1111x526&je=0&_u=KEBAAEAB~&jid=&gjid=&cid=1800259915.1547498926&tid=UA-81334227-1&_gid=225846391.1547498926&z=1004336998"
91="http://www.google-analytics.com/collect?v=1&_v=j72&a=1490997117&t=pageview&_s=9&dl=http%3A%2F%2Fnimbusserver.aos.com%2F&dp=%2Fcategory%2FTablet%2F3&ul=en-us&de=UTF-8&dt=%C2%A0Advantage%20Shopping&sd=24-bit&sr=1676x866&vp=1111x526&je=0&_u=KEBAAEAB~&jid=&gjid=&cid=1800259915.1547498926&tid=UA-81334227-1&_gid=225846391.1547498926&z=1128941753"
92="http://www.google-analytics.com/collect?v=1&_v=j72&a=1490997117&t=pageview&_s=10&dl=http%3A%2F%2Fnimbusserver.aos.com%2F&dp=%2F&ul=en-us&de=UTF-8&dt=%C2%A0Advantage%20Shopping&sd=24-bit&sr=1676x866&vp=1111x526&je=0&_u=KEBAAEAB~&jid=&gjid=&cid=1800259915.1547498926&tid=UA-81334227-1&_gid=225846391.1547498926&z=1936507868"
93="http://www.google-analytics.com/collect?v=1&_v=j72&a=1490997117&t=pageview&_s=14&dl=http%3A%2F%2Fnimbusserver.aos.com%2F&dp=%2F&ul=en-us&de=UTF-8&dt=%C2%A0Advantage%20Shopping&sd=24-bit&sr=1676x866&vp=1111x526&je=0&_u=KEBAAEAB~&jid=&gjid=&cid=1800259915.1547498926&tid=UA-81334227-1&_gid=225846391.1547498926&z=653037235"
94="http://www.google-analytics.com/collect?v=1&_v=j72&a=1490997117&t=pageview&_s=15&dl=http%3A%2F%2Fnimbusserver.aos.com%2F&dp=%2Fcategory%2FMice%2F5&ul=en-us&de=UTF-8&dt=%C2%A0Advantage%20Shopping&sd=24-bit&sr=1676x866&vp=1111x526&je=0&_u=KEBAAEAB~&jid=&gjid=&cid=1800259915.1547498926&tid=UA-81334227-1&_gid=225846391.1547498926&z=840738254"
95="http://www.google-analytics.com/collect?v=1&_v=j72&a=1490997117&t=pageview&_s=17&dl=http%3A%2F%2Fnimbusserver.aos.com%2F&dp=%2Fcategory%2FMic%2F5&ul=en-us&de=UTF-8&dt=%C2%A0Advantage%20Shopping&sd=24-bit&sr=1676x866&vp=1111x526&je=0&_u=KEBAAEAB~&jid=&gjid=&cid=1800259915.1547498926&tid=UA-81334227-1&_gid=225846391.1547498926&z=100145304"
96="http://www.google-analytics.com/collect?v=1&_v=j72&a=1490997117&t=pageview&_s=16&dl=http%3A%2F%2Fnimbusserver.aos.com%2F&dp=%2Fproduct%2F29&ul=en-us&de=UTF-8&dt=%C2%A0Advantage%20Shopping&sd=24-bit&sr=1676x866&vp=1111x526&je=0&_u=KEBAAEAB~&jid=&gjid=&cid=1800259915.1547498926&tid=UA-81334227-1&_gid=225846391.1547498926&z=1015158186"
97="http://www.google-analytics.com/collect?v=1&_v=j72&a=1490997117&t=pageview&_s=18&dl=http%3A%2F%2Fnimbusserver.aos.com%2F&dp=%2F&ul=en-us&de=UTF-8&dt=%C2%A0Advantage%20Shopping&sd=24-bit&sr=1676x866&vp=1111x526&je=0&_u=KEBAAEAB~&jid=&gjid=&cid=1800259915.1547498926&tid=UA-81334227-1&_gid=225846391.1547498926&z=322602817"
98="http://www.google-analytics.com/collect?v=1&_v=j72&a=1490997117&t=pageview&_s=19&dl=http%3A%2F%2Fnimbusserver.aos.com%2F&dp=%2Fcategory%2FLaptops%2F1&ul=en-us&de=UTF-8&dt=%C2%A0Advantage%20Shopping&sd=24-bit&sr=1676x866&vp=1111x526&je=0&_u=KEBAAEAB~&jid=&gjid=&cid=1800259915.1547498926&tid=UA-81334227-1&_gid=225846391.1547498926&z=1678708688"
99="http://www.google-analytics.com/collect?v=1&_v=j72&a=1490997117&t=pageview&_s=20&dl=http%3A%2F%2Fnimbusserver.aos.com%2F&dp=%2Fproduct%2F9&ul=en-us&de=UTF-8&dt=%C2%A0Advantage%20Shopping&sd=24-bit&sr=1676x866&vp=1111x526&je=0&_u=KEBAAEAB~&jid=&gjid=&cid=1800259915.1547498926&tid=UA-81334227-1&_gid=225846391.1547498926&z=608058753"
